// Jest Snapshot v1, https://goo.gl/fbAQLP

exports[`Testing if component renders properly Snapshot Testing 1`] = `
<DocumentFragment>
  <div>
    <div
      class="MuiGrid-root MuiGrid-container MuiGrid-spacing-xs-1"
    >
      <div
        class="MuiGrid-root MuiGrid-item MuiGrid-grid-xs-12"
      >
        <h4
          style="margin: 5px 0px;"
        >
          Create Charts
        </h4>
        <hr
          class="MuiDivider-root"
        />
      </div>
    </div>
    <div
      class="MuiGrid-root MuiGrid-container MuiGrid-spacing-xs-3 MuiGrid-align-items-xs-center"
    >
      <div
        class="MuiGrid-root MuiGrid-item MuiGrid-grid-xs-5"
      >
        Chart Title
      </div>
      <div
        class="MuiGrid-root MuiGrid-item MuiGrid-grid-xs-7"
      >
        <div
          class="MuiFormControl-root MuiTextField-root"
        >
          <label
            class="MuiFormLabel-root MuiInputLabel-root MuiInputLabel-formControl MuiInputLabel-animated"
            data-shrink="false"
            for="chartTitle"
            id="chartTitle-label"
          >
            can be empty
          </label>
          <div
            class="MuiInputBase-root MuiInput-root MuiInput-underline MuiInputBase-formControl MuiInput-formControl"
          >
            <input
              aria-invalid="false"
              class="MuiInputBase-input MuiInput-input"
              id="chartTitle"
              type="text"
              value=""
            />
          </div>
        </div>
      </div>
    </div>
    <div
      class="MuiGrid-root MuiGrid-container MuiGrid-spacing-xs-3 MuiGrid-align-items-xs-center"
    >
      <div
        class="MuiGrid-root MuiGrid-item MuiGrid-grid-xs-5"
      >
        Columns
      </div>
      <div
        class="MuiGrid-root MuiGrid-item MuiGrid-grid-xs-7"
      >
        <div
          class="MuiFormControl-root inputControlLength"
        >
          <div
            class="MuiInputBase-root MuiInput-root MuiInput-underline MuiInputBase-formControl MuiInput-formControl"
          >
            <div
              aria-haspopup="listbox"
              class="MuiSelect-root MuiSelect-select MuiSelect-selectMenu MuiInputBase-input MuiInput-input"
              role="button"
              tabindex="0"
            >
              <span>
                â€‹
              </span>
            </div>
            <input
              aria-hidden="true"
              class="MuiSelect-nativeInput"
              tabindex="-1"
              value=""
            />
            <svg
              aria-hidden="true"
              class="MuiSvgIcon-root MuiSelect-icon"
              focusable="false"
              viewBox="0 0 24 24"
            >
              <path
                d="M7 10l5 5 5-5z"
              />
            </svg>
          </div>
        </div>
      </div>
    </div>
    <div
      class="MuiGrid-root MuiGrid-container MuiGrid-spacing-xs-3 MuiGrid-align-items-xs-center"
    >
      <div
        class="MuiGrid-root MuiGrid-item MuiGrid-grid-xs-5"
      >
        Cell Range
      </div>
      <div
        class="MuiGrid-root MuiGrid-item MuiGrid-grid-xs-7"
      >
        <label
          class="MuiFormControlLabel-root"
        >
          <span
            class="MuiSwitch-root"
          >
            <span
              aria-disabled="false"
              class="MuiButtonBase-root MuiIconButton-root PrivateSwitchBase-root-1 MuiSwitch-switchBase MuiSwitch-colorSecondary PrivateSwitchBase-checked-2 Mui-checked"
            >
              <span
                class="MuiIconButton-label"
              >
                <input
                  checked=""
                  class="PrivateSwitchBase-input-4 MuiSwitch-input"
                  name="chartCellRange"
                  type="checkbox"
                  value=""
                />
                <span
                  class="MuiSwitch-thumb"
                />
              </span>
              <span
                class="MuiTouchRipple-root"
              />
            </span>
            <span
              class="MuiSwitch-track"
            />
          </span>
          <span
            class="MuiTypography-root MuiFormControlLabel-label MuiTypography-body1"
          >
            All Rows
          </span>
        </label>
      </div>
    </div>
    <div
      class="MuiGrid-root MuiGrid-container MuiGrid-spacing-xs-3 MuiGrid-align-items-xs-center"
    >
      <div
        class="MuiGrid-root MuiGrid-item MuiGrid-grid-xs-5"
      >
        Chart Type
      </div>
      <div
        class="MuiGrid-root MuiGrid-item MuiGrid-grid-xs-7"
      >
        <div
          class="MuiFormControl-root inputControlLength"
        >
          <div
            class="MuiInputBase-root MuiInput-root MuiInput-underline MuiInputBase-formControl MuiInput-formControl"
          >
            <div
              aria-haspopup="listbox"
              class="MuiSelect-root MuiSelect-select MuiSelect-selectMenu MuiInputBase-input MuiInput-input"
              role="button"
              tabindex="0"
            >
              groupedColumn
            </div>
            <input
              aria-hidden="true"
              class="MuiSelect-nativeInput"
              tabindex="-1"
              value="groupedColumn"
            />
            <svg
              aria-hidden="true"
              class="MuiSvgIcon-root MuiSelect-icon"
              focusable="false"
              viewBox="0 0 24 24"
            >
              <path
                d="M7 10l5 5 5-5z"
              />
            </svg>
          </div>
        </div>
      </div>
    </div>
    <div
      class="MuiGrid-root MuiGrid-container MuiGrid-spacing-xs-3 MuiGrid-align-items-xs-center"
    >
      <div
        class="MuiGrid-root MuiGrid-item MuiGrid-grid-xs-5"
      >
        Chart Palette
      </div>
      <div
        class="MuiGrid-root MuiGrid-item MuiGrid-grid-xs-7"
      >
        <div
          class="MuiFormControl-root inputControlLength"
        >
          <div
            class="MuiInputBase-root MuiInput-root MuiInput-underline MuiInputBase-formControl MuiInput-formControl"
          >
            <div
              aria-haspopup="listbox"
              class="MuiSelect-root MuiSelect-select MuiSelect-selectMenu MuiInputBase-input MuiInput-input"
              role="button"
              tabindex="0"
            >
              bright
            </div>
            <input
              aria-hidden="true"
              class="MuiSelect-nativeInput"
              tabindex="-1"
              value="bright"
            />
            <svg
              aria-hidden="true"
              class="MuiSvgIcon-root MuiSelect-icon"
              focusable="false"
              viewBox="0 0 24 24"
            >
              <path
                d="M7 10l5 5 5-5z"
              />
            </svg>
          </div>
        </div>
      </div>
    </div>
    <div
      class="MuiGrid-root MuiGrid-container MuiGrid-spacing-xs-3 MuiGrid-align-items-xs-center"
    >
      <div
        class="MuiGrid-root MuiGrid-item MuiGrid-grid-xs-5"
      >
        Chart Legend
      </div>
      <div
        class="MuiGrid-root MuiGrid-item MuiGrid-grid-xs-7"
      >
        <label
          class="MuiFormControlLabel-root"
        >
          <span
            class="MuiSwitch-root"
          >
            <span
              aria-disabled="false"
              class="MuiButtonBase-root MuiIconButton-root PrivateSwitchBase-root-1 MuiSwitch-switchBase MuiSwitch-colorSecondary PrivateSwitchBase-checked-2 Mui-checked"
            >
              <span
                class="MuiIconButton-label"
              >
                <input
                  checked=""
                  class="PrivateSwitchBase-input-4 MuiSwitch-input"
                  name="chartLegend"
                  type="checkbox"
                  value=""
                />
                <span
                  class="MuiSwitch-thumb"
                />
              </span>
              <span
                class="MuiTouchRipple-root"
              />
            </span>
            <span
              class="MuiSwitch-track"
            />
          </span>
          <span
            class="MuiTypography-root MuiFormControlLabel-label MuiTypography-body1"
          >
            Show
          </span>
        </label>
      </div>
    </div>
    <div
      class="MuiGrid-root MuiGrid-container MuiGrid-spacing-xs-3 MuiGrid-align-items-xs-center"
    >
      <div
        class="MuiGrid-root MuiGrid-item MuiGrid-grid-xs-1"
      />
      <div
        class="MuiGrid-root MuiGrid-item MuiGrid-grid-xs-6"
      >
        Placement
      </div>
      <div
        class="MuiGrid-root MuiGrid-item MuiGrid-grid-xs-5"
      >
        <div
          class="MuiFormControl-root"
          style="width: 80px;"
        >
          <div
            class="MuiInputBase-root MuiInput-root MuiInput-underline MuiInputBase-formControl MuiInput-formControl"
          >
            <div
              aria-haspopup="listbox"
              class="MuiSelect-root MuiSelect-select MuiSelect-selectMenu MuiInputBase-input MuiInput-input"
              role="button"
              tabindex="0"
            >
              right
            </div>
            <input
              aria-hidden="true"
              class="MuiSelect-nativeInput"
              tabindex="-1"
              value="right"
            />
            <svg
              aria-hidden="true"
              class="MuiSvgIcon-root MuiSelect-icon"
              focusable="false"
              viewBox="0 0 24 24"
            >
              <path
                d="M7 10l5 5 5-5z"
              />
            </svg>
          </div>
        </div>
      </div>
    </div>
    <div
      class="MuiGrid-root MuiGrid-container MuiGrid-spacing-xs-1 MuiGrid-justify-xs-flex-end"
      style="margin-top: 20px;"
    >
      <button
        class="MuiButtonBase-root MuiButton-root MuiButton-contained MuiButton-containedPrimary"
        tabindex="0"
        type="button"
      >
        <span
          class="MuiButton-label"
        >
          Create
        </span>
        <span
          class="MuiTouchRipple-root"
        />
      </button>
    </div>
  </div>
</DocumentFragment>
`;
