// Jest Snapshot v1, https://goo.gl/fbAQLP

exports[`Testing if component renders properly Snapshot Testing 1`] = `
<DocumentFragment>
  <span
    class=""
    title="Tooltip Message"
  >
    <button
      aria-label="Tooltip Message"
      class="MuiButtonBase-root MuiIconButton-root"
      tabindex="0"
      type="button"
    >
      <span
        class="MuiIconButton-label"
      >
        <svg
          aria-hidden="true"
          class="MuiSvgIcon-root"
          focusable="false"
          viewBox="0 0 24 24"
        >
          <path
            d="M19 9h-4V3H9v6H5l7 7 7-7zM5 18v2h14v-2H5z"
          />
        </svg>
      </span>
      <span
        class="MuiTouchRipple-root"
      />
    </button>
  </span>
</DocumentFragment>
`;
